The `say_my_name` module
========================

Usage of the `say_my_name` function
--------------------------------------

Importing Function
	
>>> say_my_name = __import__('3-say_my_name').say_my_name

Testing
>>> say_my_name("Bob", "Lenon")
My name is Bob Lenon

>>> say_my_name("Bob")
My name is Bob

>>> say_my_name(111, "Spark")
Traceback (most recent call last):
TypeError: first_name must be a string

>>> say_my_name("Tony", 111)
Traceback (most recent call last):
TypeError: last_name must be a string

>>> say_my_name(0, 0)
Traceback (most recent call last):
TypeError: first_name must be a string

>>> say_my_name()
Traceback (most recent call last):
TypeError: say_my_name() missing 1 required positional argument: 'first_name'
